+ ulimit -n 65535
+ TP=2
+ LOG_DIR=/home/jacchang/SGLang-benchmarks/results/_pr25742_matrix/aiter_v0.1.12.post1_JIT_methodology_TP2
+ MODEL_PATH=/data/huggingface/hub/amd/GLM-5.1-MXFP4
+ HOST=localhost
+ PORT=8552
+ TOKENIZER_WORKER_NUM=4
+ mkdir -p /home/jacchang/SGLang-benchmarks/results/_pr25742_matrix/aiter_v0.1.12.post1_JIT_methodology_TP2
+ SERVER_LOG=/home/jacchang/SGLang-benchmarks/results/_pr25742_matrix/aiter_v0.1.12.post1_JIT_methodology_TP2/server.log
+ GSM8K_LOG=/home/jacchang/SGLang-benchmarks/results/_pr25742_matrix/aiter_v0.1.12.post1_JIT_methodology_TP2/Accuracy_GSM8K.log
+ export SAFETENSORS_FAST_GPU=1
+ SAFETENSORS_FAST_GPU=1
+ export SGLANG_ROCM_FUSED_DECODE_MLA=0
+ SGLANG_ROCM_FUSED_DECODE_MLA=0
+ '[' -d /sgl-workspace/aiter/aiter ']'
+ export PYTHONPATH=/sgl-workspace/aiter:
+ PYTHONPATH=/sgl-workspace/aiter:
+ '[' -d /sgl-workspace/sglang/python/sglang ']'
+ export PYTHONPATH=/sgl-workspace/sglang/python:/sgl-workspace/aiter:
+ PYTHONPATH=/sgl-workspace/sglang/python:/sgl-workspace/aiter:
+ cleanup_sglang
+ pkill -9 -f 'sglang\.launch_server'
+ true
+ pkill -9 -f sglang::scheduler
+ true
+ pkill -9 -f sglang::detokenizer
+ true
+ pkill -9 -f sglang::tokenizer
+ true
+ pkill -9 -f _inductor/compile_worker
+ true
+ sleep 3
>>> launched sglang server pid=59612  (TP=2, log=/home/jacchang/SGLang-benchmarks/results/_pr25742_matrix/aiter_v0.1.12.post1_JIT_methodology_TP2/server.log)
+ SERVER_PID=59612
+ echo '>>> launched sglang server pid=59612  (TP=2, log=/home/jacchang/SGLang-benchmarks/results/_pr25742_matrix/aiter_v0.1.12.post1_JIT_methodology_TP2/server.log)'
+ python3 -m sglang.launch_server --model /data/huggingface/hub/amd/GLM-5.1-MXFP4 --tp 2 --host localhost --port 8552 --trust-remote-code --tool-call-parser glm47 --reasoning-parser glm45 --watchdog-timeout 1200 --mem-fraction-static 0.85 --kv-cache-dtype fp8_e4m3 --disable-radix-cache --model-loader-extra-config '{"enable_multithread_load": true, "num_threads": 8}' --nsa-prefill-backend tilelang --nsa-decode-backend tilelang --tokenizer-worker-num 4
++ date +%s
+ start_ts=1779272199
+ last_progress=0
+ true
++ curl -s -o /dev/null -w '%{http_code}' http://localhost:8552/health
++ echo 000
+ code=000000
+ '[' 000000 = 200 ']'
+ kill -0 59612
++ date +%s
+ now=1779272199
+ ((  now - last_progress >= 30  ))
+ echo '... waiting (elapsed 0s, last code=000000)'
+ last_progress=1779272199
+ sleep 5
... waiting (elapsed 0s, last code=000000)
+ true
++ curl -s -o /dev/null -w '%{http_code}' http://localhost:8552/health
++ echo 000
+ code=000000
+ '[' 000000 = 200 ']'
+ kill -0 59612
++ date +%s
+ now=1779272204
+ ((  now - last_progress >= 30  ))
+ sleep 5
+ true
++ curl -s -o /dev/null -w '%{http_code}' http://localhost:8552/health
++ echo 000
+ code=000000
+ '[' 000000 = 200 ']'
+ kill -0 59612
++ date +%s
+ now=1779272209
+ ((  now - last_progress >= 30  ))
+ sleep 5
+ true
++ curl -s -o /dev/null -w '%{http_code}' http://localhost:8552/health
++ echo 000
+ code=000000
+ '[' 000000 = 200 ']'
+ kill -0 59612
+ echo 'ERROR: server pid=59612 died before /health=200'
ERROR: server pid=59612 died before /health=200
+ tail -30 /home/jacchang/SGLang-benchmarks/results/_pr25742_matrix/aiter_v0.1.12.post1_JIT_methodology_TP2/server.log
  File "/usr/lib/python3.10/runpy.py", line 196, in _run_module_as_main
    return _run_code(code, main_globals, None,
  File "/usr/lib/python3.10/runpy.py", line 86, in _run_code
    exec(code, run_globals)
  File "/sgl-workspace/sglang/python/sglang/launch_server.py", line 66, in <module>
    server_args = prepare_server_args(sys.argv[1:])
  File "/sgl-workspace/sglang/python/sglang/srt/server_args.py", line 7188, in prepare_server_args
    return ServerArgs.from_cli_args(raw_args)
  File "/sgl-workspace/sglang/python/sglang/srt/server_args.py", line 6585, in from_cli_args
    return cls(**{attr: getattr(args, attr) for attr in attrs})
  File "<string>", line 368, in __init__
  File "/sgl-workspace/sglang/python/sglang/srt/server_args.py", line 819, in __post_init__
    self._handle_piecewise_cuda_graph()
  File "/sgl-workspace/sglang/python/sglang/srt/server_args.py", line 1188, in _handle_piecewise_cuda_graph
    if self.get_model_config().is_piecewise_cuda_graph_disabled_model:
  File "/sgl-workspace/sglang/python/sglang/srt/server_args.py", line 6631, in get_model_config
    from sglang.srt.configs.model_config import ModelConfig
  File "/sgl-workspace/sglang/python/sglang/srt/configs/model_config.py", line 27, in <module>
    from sglang.srt.layers.quantization import QUANTIZATION_METHODS
  File "/sgl-workspace/sglang/python/sglang/srt/layers/quantization/__init__.py", line 20, in <module>
    from sglang.srt.layers.quantization.awq import AWQConfig, AWQCPUConfig, AWQMarlinConfig
  File "/sgl-workspace/sglang/python/sglang/srt/layers/quantization/awq/__init__.py", line 3, in <module>
    from .awq import (
  File "/sgl-workspace/sglang/python/sglang/srt/layers/quantization/awq/awq.py", line 24, in <module>
    from sglang.srt.layers.quantization.unquant import UnquantizedLinearMethod
  File "/sgl-workspace/sglang/python/sglang/srt/layers/quantization/unquant.py", line 56, in <module>
    from aiter.fused_moe import fused_moe
  File "/sgl-workspace/aiter/aiter/fused_moe.py", line 572, in <module>
    (ActivationType.Silu,          QuantType.No,  dtypes.bf16,   dtypes.bf16,   dtypes.bf16,   False,   False) : aiter.fmoe,
AttributeError: module 'aiter' has no attribute 'fmoe'
+ exit 1
